This is pdfTeX, Version 3.141592653-2.6-1.40.25 (MiKTeX 23.4) (preloaded format=latex 2023.4.26)  26 APR 2023 14:34
entering extended mode
 restricted \write18 enabled.
 %&-line parsing enabled.
**./test.tex
(test.tex
LaTeX2e <2022-11-01> patch level 1
L3 programming layer <2023-03-30>

! LaTeX Error: File `dndbook.cls' not found.

Type X to quit or <RETURN> to proceed,
or enter new name. (Default extension: cls)

Enter file name: 
! Emergency stop.
<read *> 
         
l.2 ^^M
       
*** (cannot \read from terminal in nonstop modes)

 
Here is how much of TeX's memory you used:
 25 strings out of 476332
 434 string characters out of 5787791
 1849657 words of memory out of 5000000
 20562 multiletter control sequences out of 15000+600000
 512287 words of font info for 32 fonts, out of 8000000 for 9000
 1141 hyphenation exceptions out of 8191
 19i,0n,29p,114b,17s stack positions out of 10000i,1000n,20000p,200000b,200000s
No pages of output.
